 Tunnel main (Main 443/2053) · last 24h
 Download (to users)  avg 5.39 Mb/s · peak 10.0 Mb/s
 10.0 Mb/s ┤      ▃█      ▆      ▃█     ▁█             ▁█      ▃      ▃█      ▆      ▃█     ▁█      ▃      ▁█      ▃
           │     ▄██    ▂▆█     ▄██    ▂██     ▆      ▂██     ▆█     ▄██    ▂▆█     ▄██    ▂██     ▆█     ▂██     ▆█
           │    ▅███   ▂███    ▅███   ▂███    ▇█ ▂   ▅███    ▇██▂   ▅███   ▂███    ▅███   ▂███    ▇██▂   ▅███    ▇██▂
 5.00 Mb/s ┤  ▁█████  ▃████  ▁█████  ▃████  ▃███ █  ▆████  ▃█████ ▁█████  ▃████  ▁█████  ▃████  ▃█████  ▆████  ▃█████ ▁
           │ ▂██████ ▆█████ ▂██████ ▆█████ ▄████ █▂▆█████ ▄██████▂██████ ▆█████ ▂██████ ▆█████ ▄██████▂▆█████ ▄██████▂█
           │▅███████▇██████▅███████▇██████▅█████·████████▅██████████████▇██████▅███████▇██████▅██████████████▅█████████
     0 b/s └┬───────┬────────┬────────┬────────┬────────┬────────┬────────┬────────┬────────┬────────┬────────┬────────
            12:00   14:00    16:00    18:00    20:00    22:00    09-30    02:00    04:00    06:00    08:00    10:00
 Upload (from users)  avg 539 kb/s · peak 1.00 Mb/s
 1.00 Mb/s ┤      ▃█      ▆      ▃█     ▁█             ▁█      ▃      ▃█      ▆      ▃█     ▁█      ▃      ▁█      ▃
           │     ▄██    ▂▆█     ▄██    ▂██     ▆      ▂██     ▆█     ▄██    ▂▆█     ▄██    ▂██     ▆█     ▂██     ▆█
           │    ▅███   ▂███    ▅███   ▂███    ▇█ ▂   ▅███    ▇██▂   ▅███   ▂███    ▅███   ▂███    ▇██▂   ▅███    ▇██▂
  500 kb/s ┤  ▁█████  ▃████  ▁█████  ▃████  ▃███ █  ▆████  ▃█████ ▁█████  ▃████  ▁█████  ▃████  ▃█████  ▆████  ▃█████ ▁
           │ ▂██████ ▆█████ ▂██████ ▆█████ ▄████ █▂▆█████ ▄██████▂██████ ▆█████ ▂██████ ▆█████ ▄██████▂▆█████ ▄██████▂█
           │▅███████▇██████▅███████▇██████▅█████·████████▅██████████████▇██████▅███████▇██████▅██████████████▅█████████
     0 b/s └┬───────┬────────┬────────┬────────┬────────┬────────┬────────┬────────┬────────┬────────┬────────┬────────
            12:00   14:00    16:00    18:00    20:00    22:00    09-30    02:00    04:00    06:00    08:00    10:00
  Connections  ▆▇▇▇▇▇▇▇▇▇▇▇▇▇▇▇▇▇▇▇▇▇▇▇▇▇▇▇▇·▇▆▇▇▆▇▇▆▇▇▆▇▇▆▇▇▆▇▇▆▇▇▆▇▇▆▇▇▆▇█▆▇█▆▇█▆▇█▆▇█▆▇█▆▇█▆▇█▆▇█▆▇  now 11 · peak 12
  Today ↓ 3.8 GiB ↑ 512.0 MiB · 30 days ↓ 410.0 GiB ↑ 40.0 GiB
  Since 2026-09-01 (quota period) ↓ 15.0 GiB ↑ 30.0 GiB · quota 45% of 100.0 GiB
  Days and the quota period follow the hub's zone (Asia/Tehran); chart times are yours.
