# wireguard/kernel hub side
=== file wg.json
{
  "mode": "kernel",
  "side": "hub",
  "tunnel": "main",
  "interface": "deyc-7",
  "address": "10.77.7.5/30",
  "mtu": 1420,
  "private_key": "AAIDBAUGBwgJCgsMDQ4PEBESExQVFhcYGRobHB0eH2A=",
  "peer": {
    "public_key": "WGmv9FBUlzLLqu1eXfmzCm2jHLDldCutWtShp2jxpns=",
    "endpoint": "1.2.3.4:30002",
    "allowed_ips": [
      "10.77.7.6/32"
    ],
    "persistent_keepalive": 25
  }
}
=== unit
{
  "ExecStart": [
    "/usr/local/bin/deyroute",
    "wg",
    "up",
    "--config",
    "/etc/deyroute/backends/wireguard/main/de-1/kernel/wg.json"
  ],
  "ExecStartPre": null,
  "ExecStop": [
    [
      "/usr/local/bin/deyroute",
      "wg",
      "down",
      "--config",
      "/etc/deyroute/backends/wireguard/main/de-1/kernel/wg.json"
    ]
  ],
  "WorkingDirectory": "/etc/deyroute/backends/wireguard/main/de-1/kernel",
  "Env": null,
  "Type": "oneshot",
  "RemainAfterExit": true,
  "RunAsRoot": true,
  "ExtraCaps": [
    "CAP_NET_ADMIN"
  ],
  "DropHardening": null,
  "AddressFamilies": [
    "AF_NETLINK"
  ],
  "ReadWritePaths": null
}
=== binds
tcp 127.0.0.1:39001 user
=== nat
{Proto:tcp DportLow:39001 DportHigh:39001 ToAddr:10.77.7.6 ToPort:443 Iface:}
=== masquerade [deyc-7]
=== ip_forward true
