== hour
hour
2.50 Mb/s ┤ ⢀       ⡇⢀       ⡇⢀       ⡇        ⡆        ⡆        ⡆        ⡆        ⡆        ⡄        ⡄        ⡄
          │ ⢸⢀⡄ ⢸ ⡀⡆⡇⢸⢀⡀ ⢸  ⡄⡇⢸ ⡀ ⢰  ⡄⡇⢸      ⡄⡇⢸ ⣠ ⢰  ⡄⡇⢸ ⣠ ⢰  ⡄⡇⢸ ⣀ ⢰  ⡀⡇⢸ ⢀ ⢰⢸ ⡀⡇⢰ ⢀ ⢠⢸ ⡀⡇⢰ ⢀ ⢠⢸ ⡀⡇⢰ ⢀ ⢠⢸ ⡀⡇⣴ ⢀ ⢠⢸
          │⢰⢸⢸⡇⣠⣾ ⡇⣇⣷⢸⢸⡇⣠⣾ ⡇⣇⣷⢸⢸⡇⣠⣾ ⡇⣇⣷⢸⢸    ⡇⣇⣷⢸⢸⣿⣠⣾ ⡇⣇⣧⢸⢸⣿⢀⣼ ⡇⡇⣧⢸⢸⣿⢀⣼ ⡆⡇⣧⢸⢰⣿⢀⣼⢸⡆⡇⣧⢸⢰⣿⢀⣼⢸⡆⡇⣧⢸⢰⣿⢀⣼⢸⡆⡇⣧⢸⢰⣿ ⣸⢸⡆⡇⣇⣿⢰⣿ ⣸⢸⡄⡇
1.25 Mb/s ┤⢸⣼⣿⣇⣿⣿⣾⡇⣿⣿⣼⣿⣇⣿⣿⣾⡇⣿⣿⣼⣿⣇⣿⣿⣾⡇⣿⣿⣼⣿    ⡇⣿⣿⣼⣾⣿⣿⣿⣴⡇⣿⣿⣸⣾⣿⣿⣿⣴⡇⣿⣿⣸⣾⣿⣿⣿⣴⡇⣿⣿⣸⣾⣿⣿⣿⣼⡇⣿⣿⣸⣾⣿⣿⣿⣼⡇⣿⣿⣸⣼⣿⣿⣿⣸⡇⣿⣿⢸⣼⣿⣿⣿⣸⡇⣷⣿⣿⣼⣿⣾⣿⣸⡇⣷
          │⣸⣿⣿⣿⣿⣿⣿⣿⣿⣿⣿⣿⣿⣿⣿⣿⣿⣿⣿⣿⣿⣿⣿⣿⣿⣷⣿⣿⣿⣿   ⢀⣷⣿⣿⣿⣿⣿⣿⣿⣿⣷⣿⣿⣿⣿⣿⣿⣿⣿⣷⣿⣿⣿⣿⣿⣿⣿⣿⣷⣿⣿⣿⣿⣿⣿⣿⣿⣷⣿⣿⣿⣿⣿⣿⣿⣿⣧⣿⣿⣿⣿⣿⣿⣿⣿⣧⣿⣿⣿⣿⣿⣿⣿⣿⣧⣿⣿⣿⣿⣿⣿⣿⣿⣧⣿
          │⣿⣿⣿⣿⣿⣿⣿⣿⣿⣿⣿⣿⣿⣿⣿⣿⣿⣿⣿⣿⣿⣿⣿⣿⣿⣿⣿⣿⣿⣿···⢸⣿⣿⣿⣿⣿⣿⣿⣿⣿⣿⣿⣿⣿⣿⣿⣿⣿⣿⣿⣿⣿⣿⣿⣿⣿⣿⣿⣿⣿⣿⣿⣿⣿⣿⣿⣿⣿⣿⣿⣿⣿⣿⣿⣿⣿⣿⣿⣿⣿⣿⣿⣿⣿⣿⣿⣿⣿⣿⣿⣿⣿⣿⣿⣿⣿⣿⣿⣿⣿⣿⣿⣿⣿⣿
    0 b/s └┬────────┬────────┬────────┬────────┬────────┬────────┬────────┬────────┬────────┬────────┬────────┬────────
           11:00    11:05    11:10    11:15    11:20    11:25    11:30    11:35    11:40    11:45    11:50    11:55
== flat zero
flat zero
          │
          │
          │
    0 b/s └┬────────┬────────┬────────┬────────┬────────┬────────┬────────┬────────┬────────┬────────┬────────┬────────
           11:00    11:05    11:10    11:15    11:20    11:25    11:30    11:35    11:40    11:45    11:50    11:55
== single spike
single spike
10.0 Mb/s ┤                                                    ⢀
          │                                                    ⢸
5.00 Mb/s ┤                                                    ⢸
          │                                                    ⢸
    0 b/s └────┬────────┬────────┬────────┬────────┬────────┬────────┬────────┬────────┬────────┬────────┬────────┬────
               12:00    14:00    16:00    18:00    20:00    22:00    10-01    02:00    04:00    06:00    08:00    10:00
== all gaps
all gaps
          │
          │
          │············································································································
    0 b/s └─────┬──────┬──────┬───────┬──────┬──────┬──────┬──────┬───────┬──────┬──────┬──────┬──────┬───────┬──────┬─
                10-02  10-04  10-06   10-08  10-10  10-12  10-14  10-16   10-18  10-20  10-22  10-24  10-26   10-28
== one point
one point
2.00 Mb/s ┤⣀⣀⣀⣀⣀⣀⣀⣀⣀⣀⣀⣀⣀⣀⣀⣀⣀⣀⣀⣀⣀⣀⣀⣀⣀⣀⣀⣀⣀⣀⣀⣀⣀⣀⣀⣀⣀⣀⣀⣀⣀⣀⣀⣀⣀⣀⣀⣀⣀⣀⣀⣀⣀⣀⣀⣀⣀⣀⣀⣀⣀⣀⣀⣀⣀⣀⣀⣀⣀⣀⣀⣀⣀⣀⣀⣀⣀⣀⣀⣀⣀⣀⣀⣀⣀⣀⣀⣀⣀⣀⣀⣀⣀⣀⣀⣀⣀⣀⣀⣀⣀⣀⣀⣀⣀⣀⣀⣀
          │⣿⣿⣿⣿⣿⣿⣿⣿⣿⣿⣿⣿⣿⣿⣿⣿⣿⣿⣿⣿⣿⣿⣿⣿⣿⣿⣿⣿⣿⣿⣿⣿⣿⣿⣿⣿⣿⣿⣿⣿⣿⣿⣿⣿⣿⣿⣿⣿⣿⣿⣿⣿⣿⣿⣿⣿⣿⣿⣿⣿⣿⣿⣿⣿⣿⣿⣿⣿⣿⣿⣿⣿⣿⣿⣿⣿⣿⣿⣿⣿⣿⣿⣿⣿⣿⣿⣿⣿⣿⣿⣿⣿⣿⣿⣿⣿⣿⣿⣿⣿⣿⣿⣿⣿⣿⣿⣿⣿
          │⣿⣿⣿⣿⣿⣿⣿⣿⣿⣿⣿⣿⣿⣿⣿⣿⣿⣿⣿⣿⣿⣿⣿⣿⣿⣿⣿⣿⣿⣿⣿⣿⣿⣿⣿⣿⣿⣿⣿⣿⣿⣿⣿⣿⣿⣿⣿⣿⣿⣿⣿⣿⣿⣿⣿⣿⣿⣿⣿⣿⣿⣿⣿⣿⣿⣿⣿⣿⣿⣿⣿⣿⣿⣿⣿⣿⣿⣿⣿⣿⣿⣿⣿⣿⣿⣿⣿⣿⣿⣿⣿⣿⣿⣿⣿⣿⣿⣿⣿⣿⣿⣿⣿⣿⣿⣿⣿⣿
    0 b/s └┬──────┬──────┬──────┬──────┬───────┬──────┬──────┬──────┬──────┬───────┬──────┬──────┬──────┬──────┬───────
           11:00  11:02  11:04  11:06  11:08   11:10  11:12  11:14  11:16  11:18   11:20  11:22  11:24  11:26  11:28
== bytes
bytes
  4.8 MiB ┤
          │                                                      ⣿⣿⣿⣿⣿⣿⣿⣿⣿⣿⣿⣿⣿⣿⣿⣿⣿⣿⣿⣿⣿⣿⣿⣿⣿⣿⣿⣀⣀⣀⣀⣀⣀⣀⣀⣀⣀⣀⣀⣀⣀⣀⣀⣀⣀⣀⣀⣀⣀⣀⣀⣀⣀⣀
          │                           ⣶⣶⣶⣶⣶⣶⣶⣶⣶⣶⣶⣶⣶⣶⣶⣶⣶⣶⣶⣶⣶⣶⣶⣶⣶⣶⣶⣿⣿⣿⣿⣿⣿⣿⣿⣿⣿⣿⣿⣿⣿⣿⣿⣿⣿⣿⣿⣿⣿⣿⣿⣿⣿⣿⣿⣿⣿⣿⣿⣿⣿⣿⣿⣿⣿⣿⣿⣿⣿⣿⣿⣿⣿⣿⣿⣿⣿⣿⣿⣿⣿
      0 B └┬────────────┬─────────────┬────────────┬─────────────┬────────────┬─────────────┬────────────┬─────────────
           11:00        11:30         12:00        12:30         13:00        13:30         14:00        14:30
