== hour
hour
2.00 Mb/s ┤     ▄                ▂ ▄     ▃        ▁ ▂     ▁ ▂        ▁
          │ ▇ █▁█▁▄▅▇▃█ ▄▁▃▅▄▆   █ █▄▅▁▇ █ ▂▄▃▄▆▅ █ █▂▄█▅ █ █▂▂▃▅▄▆█ █▁▂▆▄▅█ █▁
          │▄█▇████████████████  ▄███████▇████████▆█▆█████▅█▇████████▅███████▅██
1.00 Mb/s ┤███████████████████  ███████████████████████████████████████████████
          │███████████████████  ███████████████████████████████████████████████
          │███████████████████··███████████████████████████████████████████████
    0 b/s └┬──────────┬──────────┬───────────┬──────────┬──────────┬───────────
           11:00      11:10      11:20       11:30      11:40      11:50
== flat zero
flat zero
          │
          │
          │
    0 b/s └┬──────────┬──────────┬───────────┬──────────┬──────────┬───────────
           11:00      11:10      11:20       11:30      11:40      11:50
== single spike
single spike
2.50 Mb/s ┤                                 ▅
          │                                 █
1.25 Mb/s ┤                                 █
          │                                 █
    0 b/s └──┬────────┬───────┬────────┬───────┬────────┬───────┬────────┬─────
             12:00    15:00   18:00    21:00   10-01    03:00   06:00    09:00
== all gaps
all gaps
          │
          │
          │····································································
    0 b/s └──────────────┬───────────────┬───────────────┬───────────────┬─────
                         10-07           10-14           10-21           10-28
== one point
one point
2.00 Mb/s ┤▂▂▂▂▂▂▂▂▂▂▂▂▂▂▂▂▂▂▂▂▂▂▂▂▂▂▂▂▂▂▂▂▂▂▂▂▂▂▂▂▂▂▂▂▂▂▂▂▂▂▂▂▂▂▂▂▂▂▂▂▂▂▂▂▂▂▂▂
          │████████████████████████████████████████████████████████████████████
          │████████████████████████████████████████████████████████████████████
    0 b/s └┬──────────┬──────────┬───────────┬──────────┬──────────┬───────────
           11:00      11:05      11:10       11:15      11:20      11:25
== bytes
bytes
  4.8 MiB ┤
          │                                  ▇▇▇▇▇▇▇▇▇▇▇▇▇▇▇▇▇▂▂▂▂▂▂▂▂▂▂▂▂▂▂▂▂▂
          │                 ▅▅▅▅▅▅▅▅▅▅▅▅▅▅▅▅▅██████████████████████████████████
      0 B └┬───────┬────────┬───────┬────────┬───────┬────────┬───────┬────────
           11:00   11:30    12:00   12:30    13:00   13:30    14:00   14:30
